Processing esp32dev (platform: https://github.com/pioarduino/platform-espressif32/releases/download/55.03.39/platform-espressif32.zip; board: esp32dev; framework: arduino)
--------------------------------------------------------------------------------
Filesystem error in safe_remove_directory_pattern: [WinError 5] Access is denied: 'C:\\Users\\vhdbl\\.platformio\\packages\\tool-esptoolpy.broken\\_contrib\\bin'
Filesystem error in safe_remove_directory_pattern: [WinError 5] Access is denied: 'C:\\Users\\vhdbl\\.platformio\\packages\\tool-esptoolpy.broken\\_contrib\\bin'
Verbose mode can be enabled via `-v, --verbose` option
Filesystem error in safe_remove_directory_pattern: [WinError 5] Access is denied: 'C:\\Users\\vhdbl\\.platformio\\packages\\tool-esptoolpy.broken\\_contrib\\bin'
CONFIGURATION: https://docs.platformio.org/page/boards/espressif32/esp32dev.html
PLATFORM: Espressif 32 (55.3.39) > Espressif ESP32 Dev Module
HARDWARE: ESP32 240MHz, 320KB RAM, 4MB Flash
DEBUG: Current (cmsis-dap) External (cmsis-dap, esp-bridge, esp-prog, esp-prog-2, iot-bus-jtag, jlink, minimodule, olimex-arm-usb-ocd, olimex-arm-usb-ocd-h, olimex-arm-usb-tiny-h, olimex-jtag-tiny, tumpa)
PACKAGES: 
 - contrib-piohome @ 3.4.4 
 - framework-arduinoespressif32 @ 3.3.9 
 - framework-arduinoespressif32-libs @ 5.5.4+sha.735507283d 
 - tool-esptoolpy @ 5.3.0 
 - tool-xtensa-esp-elf-gdb @ 17.1.0+20260402 
 - toolchain-xtensa-esp-elf @ 14.2.0+20260121
LDF: Library Dependency Finder -> https://bit.ly/configure-pio-ldf
LDF Modes: Finder ~ chain, Compatibility ~ soft
Found 43 compatible libraries
Scanning dependencies...
Dependency Graph
|-- WiFi @ 3.3.9
Building in release mode
Compiling .pio\build\esp32dev\src\main.cpp.o
Linking .pio\build\esp32dev\firmware.elf
Firmware metrics can not be shown. Set the terminal codepage to "utf-8" or "cp65001" on Windows.
Retrieving maximum program size .pio\build\esp32dev\firmware.elf
Checking size .pio\build\esp32dev\firmware.elf
Advanced Memory Usage is available via "PlatformIO Home > Project Inspect"
RAM:   [=         ]  13.8% (used 45368 bytes from 327680 bytes)
Flash: [=======   ]  70.2% (used 919480 bytes from 1310720 bytes)
Building .pio\build\esp32dev\firmware.bin
esptool v5.3.0
Creating ESP32 image...
Merged 2 ELF sections.
Successfully created ESP32 image.
Creating binary "firmware.factory.bin" with:
    Offset   | File
 -  0x1000   | bootloader.bin
 -  0x8000   | partitions.bin
 -  0xe000   | boot_app0.bin
 -  0x10000  | firmware.bin
Successfully created combined binary image.
Configuring upload protocol...
AVAILABLE: cmsis-dap, esp-bridge, esp-prog, esp-prog-2, espota, esptool, iot-bus-jtag, jlink, minimodule, olimex-arm-usb-ocd, olimex-arm-usb-ocd-h, olimex-arm-usb-tiny-h, olimex-jtag-tiny, tumpa
CURRENT: upload_protocol = esptool
Looking for upload port...
Uploading .pio\build\esp32dev\firmware.bin
esptool v5.3.0
Serial port COM3:
Connecting.....
Connected to ESP32 on COM3:
Chip type:          ESP32-D0WD-V3 (revision v3.1)
Features:           Wi-Fi, BT, Dual Core + LP Core, 240MHz, Vref calibration in eFuse, Coding Scheme None
Crystal frequency:  40MHz
MAC:                44:1d:64:f5:87:f8

Uploading stub flasher...
Running stub flasher...
Stub flasher running.
Changing baud rate to 460800...
Changed.

Configuring flash size...
Auto-detected flash size: 4MB

Writing 'C:\Users\vhdbl\Downloads\LifeAlertLocal\rx\.pio\build\esp32dev\bootloader.bin' at 0x00001000...
SHA digest in image updated.
Flash will be erased from 0x00001000 to 0x00006fff...
Compressed 23552 bytes to 15127...

Writing at 0x00001000 [░░░░░░░░░░░░░░░░░░░░░░░░░░░░░░]   0.0% 0/15127 bytes... 

Writing at 0x00006c00 [██████████████████████████████] 100.0% 15127/15127 bytes... 
Wrote 23552 bytes (15127 compressed) at 0x00001000 in 0.7 seconds (268.0 kbit/s).
Verifying written data...
Hash of data verified.

Writing 'C:\Users\vhdbl\Downloads\LifeAlertLocal\rx\.pio\build\esp32dev\partitions.bin' at 0x00008000...
Flash will be erased from 0x00008000 to 0x00008fff...
Compressed 3072 bytes to 146...

Writing at 0x00008000 [░░░░░░░░░░░░░░░░░░░░░░░░░░░░░░]   0.0% 0/146 bytes... 

Writing at 0x00008c00 [██████████████████████████████] 100.0% 146/146 bytes... 
Wrote 3072 bytes (146 compressed) at 0x00008000 in 0.1 seconds (276.2 kbit/s).
Verifying written data...
Hash of data verified.

Writing 'C:\Users\vhdbl\.platformio\packages\framework-arduinoespressif32\tools\partitions\boot_app0.bin' at 0x0000e000...
Flash will be erased from 0x0000e000 to 0x0000ffff...
Compressed 8192 bytes to 47...

Writing at 0x0000e000 [░░░░░░░░░░░░░░░░░░░░░░░░░░░░░░]   0.0% 0/47 bytes... 

Writing at 0x00010000 [██████████████████████████████] 100.0% 47/47 bytes... 
Wrote 8192 bytes (47 compressed) at 0x0000e000 in 0.1 seconds (662.0 kbit/s).
Verifying written data...
Hash of data verified.

Writing '.pio\build\esp32dev\firmware.bin' at 0x00010000...
Flash will be erased from 0x00010000 to 0x000f0fff...
Compressed 919888 bytes to 585877...

Writing at 0x00010000 [░░░░░░░░░░░░░░░░░░░░░░░░░░░░░░]   0.0% 0/585877 bytes... 

Writing at 0x0001d317 [░░░░░░░░░░░░░░░░░░░░░░░░░░░░░░]   2.8% 16384/585877 bytes... 

Writing at 0x00027a43 [█░░░░░░░░░░░░░░░░░░░░░░░░░░░░░]   5.6% 32768/585877 bytes... 

Writing at 0x0003418c [██░░░░░░░░░░░░░░░░░░░░░░░░░░░░]   8.4% 49152/585877 bytes... 

Writing at 0x0003dc9d [███░░░░░░░░░░░░░░░░░░░░░░░░░░░]  11.2% 65536/585877 bytes... 

Writing at 0x00043b10 [████░░░░░░░░░░░░░░░░░░░░░░░░░░]  14.0% 81920/585877 bytes... 

Writing at 0x0004982f [█████░░░░░░░░░░░░░░░░░░░░░░░░░]  16.8% 98304/585877 bytes... 

Writing at 0x0004ee6c [█████░░░░░░░░░░░░░░░░░░░░░░░░░]  19.6% 114688/585877 bytes... 

Writing at 0x00054244 [██████░░░░░░░░░░░░░░░░░░░░░░░░]  22.4% 131072/585877 bytes... 

Writing at 0x0005997a [███████░░░░░░░░░░░░░░░░░░░░░░░]  25.2% 147456/585877 bytes... 

Writing at 0x0005ed3e [████████░░░░░░░░░░░░░░░░░░░░░░]  28.0% 163840/585877 bytes... 

Writing at 0x000642d4 [█████████░░░░░░░░░░░░░░░░░░░░░]  30.8% 180224/585877 bytes... 

Writing at 0x00069908 [██████████░░░░░░░░░░░░░░░░░░░░]  33.6% 196608/585877 bytes... 

Writing at 0x0006f24e [██████████░░░░░░░░░░░░░░░░░░░░]  36.4% 212992/585877 bytes... 

Writing at 0x00074a08 [███████████░░░░░░░░░░░░░░░░░░░]  39.2% 229376/585877 bytes... 

Writing at 0x00079cbc [████████████░░░░░░░░░░░░░░░░░░]  41.9% 245760/585877 bytes... 

Writing at 0x0007f01d [█████████████░░░░░░░░░░░░░░░░░]  44.7% 262144/585877 bytes... 

Writing at 0x00084814 [██████████████░░░░░░░░░░░░░░░░]  47.5% 278528/585877 bytes... 

Writing at 0x00089fe9 [███████████████░░░░░░░░░░░░░░░]  50.3% 294912/585877 bytes... 

Writing at 0x0008f71e [███████████████░░░░░░░░░░░░░░░]  53.1% 311296/585877 bytes... 

Writing at 0x0009541d [████████████████░░░░░░░░░░░░░░]  55.9% 327680/585877 bytes... 

Writing at 0x0009adb3 [█████████████████░░░░░░░░░░░░░]  58.7% 344064/585877 bytes... 

Writing at 0x000a0342 [██████████████████░░░░░░░░░░░░]  61.5% 360448/585877 bytes... 

Writing at 0x000a5801 [███████████████████░░░░░░░░░░░]  64.3% 376832/585877 bytes... 

Writing at 0x000ab3a9 [████████████████████░░░░░░░░░░]  67.1% 393216/585877 bytes... 

Writing at 0x000b0fd3 [████████████████████░░░░░░░░░░]  69.9% 409600/585877 bytes... 

Writing at 0x000b6814 [█████████████████████░░░░░░░░░]  72.7% 425984/585877 bytes... 

Writing at 0x000bc214 [██████████████████████░░░░░░░░]  75.5% 442368/585877 bytes... 

Writing at 0x000c2145 [███████████████████████░░░░░░░]  78.3% 458752/585877 bytes... 

Writing at 0x000c7e14 [████████████████████████░░░░░░]  81.1% 475136/585877 bytes... 

Writing at 0x000cd6df [█████████████████████████░░░░░]  83.9% 491520/585877 bytes... 

Writing at 0x000d6326 [██████████████████████████░░░░]  86.7% 507904/585877 bytes... 

Writing at 0x000db633 [██████████████████████████░░░░]  89.5% 524288/585877 bytes... 

Writing at 0x000e0ba3 [███████████████████████████░░░]  92.3% 540672/585877 bytes... 

Writing at 0x000e670c [████████████████████████████░░]  95.1% 557056/585877 bytes... 

Writing at 0x000ec161 [█████████████████████████████░]  97.9% 573440/585877 bytes... 

Writing at 0x000f0950 [██████████████████████████████] 100.0% 585877/585877 bytes... 
Wrote 919888 bytes (585877 compressed) at 0x00010000 in 16.4 seconds (448.0 kbit/s).
Verifying written data...
Hash of data verified.

Hard resetting via RTS pin...
========================= [SUCCESS] Took 35.47 seconds =========================
