Processing esp32dev (platform: https://github.com/pioarduino/platform-espressif32/releases/download/55.03.39/platform-espressif32.zip; board: esp32dev; framework: arduino)
--------------------------------------------------------------------------------
Filesystem error in safe_remove_directory_pattern: [WinError 5] Access is denied: 'C:\\Users\\vhdbl\\.platformio\\packages\\tool-esptoolpy.broken\\_contrib\\bin'
Filesystem error in safe_remove_directory_pattern: [WinError 5] Access is denied: 'C:\\Users\\vhdbl\\.platformio\\packages\\tool-esptoolpy.broken\\_contrib\\bin'
Verbose mode can be enabled via `-v, --verbose` option
Filesystem error in safe_remove_directory_pattern: [WinError 5] Access is denied: 'C:\\Users\\vhdbl\\.platformio\\packages\\tool-esptoolpy.broken\\_contrib\\bin'
CONFIGURATION: https://docs.platformio.org/page/boards/espressif32/esp32dev.html
PLATFORM: Espressif 32 (55.3.39) > Espressif ESP32 Dev Module
HARDWARE: ESP32 240MHz, 320KB RAM, 4MB Flash
DEBUG: Current (cmsis-dap) External (cmsis-dap, esp-bridge, esp-prog, esp-prog-2, iot-bus-jtag, jlink, minimodule, olimex-arm-usb-ocd, olimex-arm-usb-ocd-h, olimex-arm-usb-tiny-h, olimex-jtag-tiny, tumpa)
PACKAGES: 
 - contrib-piohome @ 3.4.4 
 - framework-arduinoespressif32 @ 3.3.9 
 - framework-arduinoespressif32-libs @ 5.5.4+sha.735507283d 
 - tool-esptoolpy @ 5.3.0 
 - tool-xtensa-esp-elf-gdb @ 17.1.0+20260402 
 - toolchain-xtensa-esp-elf @ 14.2.0+20260121
LDF: Library Dependency Finder -> https://bit.ly/configure-pio-ldf
LDF Modes: Finder ~ chain, Compatibility ~ soft
Found 43 compatible libraries
Scanning dependencies...
Dependency Graph
|-- WiFi @ 3.3.9
Building in release mode
Compiling .pio\build\esp32dev\src\main.cpp.o
src/main.cpp: In function 'bool sendMessage(const Message&)':
src/main.cpp:72:42: warning: using value of assignment with 'volatile'-qualified left operand is deprecated [-Wvolatile]
   72 |     macCbFired = macDelivered = appAcked = false;
      |                                 ~~~~~~~~~^~~~~~~
src/main.cpp:72:31: warning: using value of assignment with 'volatile'-qualified left operand is deprecated [-Wvolatile]
   72 |     macCbFired = macDelivered = appAcked = false;
      |                  ~~~~~~~~~~~~~^~~~~~~~~~~~~~~~~~
Linking .pio\build\esp32dev\firmware.elf
Firmware metrics can not be shown. Set the terminal codepage to "utf-8" or "cp65001" on Windows.
Retrieving maximum program size .pio\build\esp32dev\firmware.elf
Checking size .pio\build\esp32dev\firmware.elf
Advanced Memory Usage is available via "PlatformIO Home > Project Inspect"
RAM:   [=         ]  13.9% (used 45416 bytes from 327680 bytes)
Flash: [=======   ]  70.7% (used 926536 bytes from 1310720 bytes)
Building .pio\build\esp32dev\firmware.bin
esptool v5.3.0
Creating ESP32 image...
Merged 3 ELF sections.
Successfully created ESP32 image.
Creating binary "firmware.factory.bin" with:
    Offset   | File
 -  0x1000   | bootloader.bin
 -  0x8000   | partitions.bin
 -  0xe000   | boot_app0.bin
 -  0x10000  | firmware.bin
Successfully created combined binary image.
Configuring upload protocol...
AVAILABLE: cmsis-dap, esp-bridge, esp-prog, esp-prog-2, espota, esptool, iot-bus-jtag, jlink, minimodule, olimex-arm-usb-ocd, olimex-arm-usb-ocd-h, olimex-arm-usb-tiny-h, olimex-jtag-tiny, tumpa
CURRENT: upload_protocol = esptool
Looking for upload port...
Uploading .pio\build\esp32dev\firmware.bin
esptool v5.3.0
Serial port COM5:
Connecting....
Connected to ESP32 on COM5:
Chip type:          ESP32-D0WD-V3 (revision v3.1)
Features:           Wi-Fi, BT, Dual Core + LP Core, 240MHz, Vref calibration in eFuse, Coding Scheme None
Crystal frequency:  40MHz
MAC:                ec:e3:34:1a:64:fc

Uploading stub flasher...
Running stub flasher...
Stub flasher running.
Changing baud rate to 460800...
Changed.

Configuring flash size...
Auto-detected flash size: 4MB

Writing 'C:\Users\vhdbl\Downloads\LifeAlertLocal\tx\.pio\build\esp32dev\bootloader.bin' at 0x00001000...
SHA digest in image updated.
Flash will be erased from 0x00001000 to 0x00006fff...
Compressed 23552 bytes to 15127...

Writing at 0x00001000 [░░░░░░░░░░░░░░░░░░░░░░░░░░░░░░]   0.0% 0/15127 bytes... 

Writing at 0x00006c00 [██████████████████████████████] 100.0% 15127/15127 bytes... 
Wrote 23552 bytes (15127 compressed) at 0x00001000 in 0.7 seconds (262.8 kbit/s).
Verifying written data...
Hash of data verified.

Writing 'C:\Users\vhdbl\Downloads\LifeAlertLocal\tx\.pio\build\esp32dev\partitions.bin' at 0x00008000...
Flash will be erased from 0x00008000 to 0x00008fff...
Compressed 3072 bytes to 146...

Writing at 0x00008000 [░░░░░░░░░░░░░░░░░░░░░░░░░░░░░░]   0.0% 0/146 bytes... 

Writing at 0x00008c00 [██████████████████████████████] 100.0% 146/146 bytes... 
Wrote 3072 bytes (146 compressed) at 0x00008000 in 0.1 seconds (279.3 kbit/s).
Verifying written data...
Hash of data verified.

Writing 'C:\Users\vhdbl\.platformio\packages\framework-arduinoespressif32\tools\partitions\boot_app0.bin' at 0x0000e000...
Flash will be erased from 0x0000e000 to 0x0000ffff...
Compressed 8192 bytes to 47...

Writing at 0x0000e000 [░░░░░░░░░░░░░░░░░░░░░░░░░░░░░░]   0.0% 0/47 bytes... 

Writing at 0x00010000 [██████████████████████████████] 100.0% 47/47 bytes... 
Wrote 8192 bytes (47 compressed) at 0x0000e000 in 0.1 seconds (771.0 kbit/s).
Verifying written data...
Hash of data verified.

Writing '.pio\build\esp32dev\firmware.bin' at 0x00010000...
Flash will be erased from 0x00010000 to 0x000f2fff...
Compressed 927040 bytes to 590215...

Writing at 0x00010000 [░░░░░░░░░░░░░░░░░░░░░░░░░░░░░░]   0.0% 0/590215 bytes... 

Writing at 0x0001d385 [░░░░░░░░░░░░░░░░░░░░░░░░░░░░░░]   2.8% 16384/590215 bytes... 

Writing at 0x00027bed [█░░░░░░░░░░░░░░░░░░░░░░░░░░░░░]   5.6% 32768/590215 bytes... 

Writing at 0x000342f3 [██░░░░░░░░░░░░░░░░░░░░░░░░░░░░]   8.3% 49152/590215 bytes... 

Writing at 0x0003dede [███░░░░░░░░░░░░░░░░░░░░░░░░░░░]  11.1% 65536/590215 bytes... 

Writing at 0x00043d3f [████░░░░░░░░░░░░░░░░░░░░░░░░░░]  13.9% 81920/590215 bytes... 

Writing at 0x000499fc [████░░░░░░░░░░░░░░░░░░░░░░░░░░]  16.7% 98304/590215 bytes... 

Writing at 0x0004f01d [█████░░░░░░░░░░░░░░░░░░░░░░░░░]  19.4% 114688/590215 bytes... 

Writing at 0x000543be [██████░░░░░░░░░░░░░░░░░░░░░░░░]  22.2% 131072/590215 bytes... 

Writing at 0x00059b77 [███████░░░░░░░░░░░░░░░░░░░░░░░]  25.0% 147456/590215 bytes... 

Writing at 0x0005ee00 [████████░░░░░░░░░░░░░░░░░░░░░░]  27.8% 163840/590215 bytes... 

Writing at 0x000644be [█████████░░░░░░░░░░░░░░░░░░░░░]  30.5% 180224/590215 bytes... 

Writing at 0x00069b0e [█████████░░░░░░░░░░░░░░░░░░░░░]  33.3% 196608/590215 bytes... 

Writing at 0x0006f3cb [██████████░░░░░░░░░░░░░░░░░░░░]  36.1% 212992/590215 bytes... 

Writing at 0x00074bb7 [███████████░░░░░░░░░░░░░░░░░░░]  38.9% 229376/590215 bytes... 

Writing at 0x00079e8e [████████████░░░░░░░░░░░░░░░░░░]  41.6% 245760/590215 bytes... 

Writing at 0x0007f1d4 [█████████████░░░░░░░░░░░░░░░░░]  44.4% 262144/590215 bytes... 

Writing at 0x000849bc [██████████████░░░░░░░░░░░░░░░░]  47.2% 278528/590215 bytes... 

Writing at 0x0008a1a2 [██████████████░░░░░░░░░░░░░░░░]  50.0% 294912/590215 bytes... 

Writing at 0x0008f95f [███████████████░░░░░░░░░░░░░░░]  52.7% 311296/590215 bytes... 

Writing at 0x00095696 [████████████████░░░░░░░░░░░░░░]  55.5% 327680/590215 bytes... 

Writing at 0x0009b0b9 [█████████████████░░░░░░░░░░░░░]  58.3% 344064/590215 bytes... 

Writing at 0x000a0616 [██████████████████░░░░░░░░░░░░]  61.1% 360448/590215 bytes... 

Writing at 0x000a5b2c [███████████████████░░░░░░░░░░░]  63.8% 376832/590215 bytes... 

Writing at 0x000ab5ab [███████████████████░░░░░░░░░░░]  66.6% 393216/590215 bytes... 

Writing at 0x000b125c [████████████████████░░░░░░░░░░]  69.4% 409600/590215 bytes... 

Writing at 0x000b6a3f [█████████████████████░░░░░░░░░]  72.2% 425984/590215 bytes... 

Writing at 0x000bc43d [██████████████████████░░░░░░░░]  75.0% 442368/590215 bytes... 

Writing at 0x000c23b0 [███████████████████████░░░░░░░]  77.7% 458752/590215 bytes... 

Writing at 0x000c80ba [████████████████████████░░░░░░]  80.5% 475136/590215 bytes... 

Writing at 0x000cd813 [████████████████████████░░░░░░]  83.3% 491520/590215 bytes... 

Writing at 0x000d652f [█████████████████████████░░░░░]  86.1% 507904/590215 bytes... 

Writing at 0x000dba40 [██████████████████████████░░░░]  88.8% 524288/590215 bytes... 

Writing at 0x000e1028 [███████████████████████████░░░]  91.6% 540672/590215 bytes... 

Writing at 0x000e6a36 [████████████████████████████░░]  94.4% 557056/590215 bytes... 

Writing at 0x000ec3e7 [█████████████████████████████░]  97.2% 573440/590215 bytes... 

Writing at 0x000f2316 [█████████████████████████████░]  99.9% 589824/590215 bytes... 

Writing at 0x000f2540 [██████████████████████████████] 100.0% 590215/590215 bytes... 
Wrote 927040 bytes (590215 compressed) at 0x00010000 in 16.4 seconds (453.2 kbit/s).
Verifying written data...
Hash of data verified.

Hard resetting via RTS pin...
========================= [SUCCESS] Took 38.23 seconds =========================
